[axieinfinity.com/index.html]
[axieinfinity.com/favicon.png]
[backblue.gif]
[fade.gif]
[index.html]
[cdn.axieinfinity.com/landing-page/_next/static/css/7069a40ce2daffa088ff.css]
[cdn.axieinfinity.com/landing-page/_next/static/css/be2b7e1ccf898214cacc.css]
[cdn.axieinfinity.com/landing-page/_next/static/chunks/main-01d169ae84ec8b09e91c.js]
[cdn.axieinfinity.com/landing-page/_next/static/chunks/webpack-f229451fcd84ee4352b2.js]
[cdn.axieinfinity.com/landing-page/_next/static/chunks/framework.f598e0990aff9dd73d45.js]
[cdn.axieinfinity.com/landing-page/_next/static/chunks/commons.59010d50a4e18b63183c.js]
[cdn.axieinfinity.com/landing-page/_next/static/chunks/ea972cf8d3540b200d3444bc7e8d302ef618a26a.999bba3bae3135dec85a.js]
[cdn.axieinfinity.com/landing-page/_next/static/chunks/pages/_app-5335e9c074fe2740b17c.js]
[cdn.axieinfinity.com/landing-page/_next/static/chunks/374ab9f2b5807fdb9de6dbc7edbabee8a820aa77.9c84922e9c4604f46701.js]
[cdn.axieinfinity.com/landing-page/_next/static/chunks/374ab9f2b5807fdb9de6dbc7edbabee8a820aa77_CSS.e1033ba52a9d5b03d3fc.js]
[cdn.axieinfinity.com/landing-page/_next/static/chunks/pages/index-b8a55851a99b185395de.js]
[cdn.axieinfinity.com/landing-page/_next/static/images/logo-a8df72f45ef40c2f8b6a4c73da08fcb3.png]
[cdn.axieinfinity.com/landing-page/_next/static/images/cloud-ring-b9996e3e8fe9b463920384977b0d854c.png]
[cdn.axieinfinity.com/landing-page/_next/static/images/moon-7557aaf1f5d78159603d2a47cae51fa8.png]
[cdn.axieinfinity.com/landing-page/_next/static/images/banner-941f68fe82413ac57390b1d4b6ca51ef.png]
[cdn.axieinfinity.com/landing-page/_next/static/images/cloud-right-9a0f5aaade736ce3540237e95092c057.png]
[cdn.axieinfinity.com/landing-page/_next/static/images/red-2b3fc4ae6250a5db84d48bf2ddfed83b.png]
[cdn.axieinfinity.com/landing-page/_next/static/images/green-aec93d4afc5eea3e3a7fd9658c7acd51.png]
[cdn.axieinfinity.com/landing-page/_next/static/images/blue-8e1cbf14b56adf804d78a25611d2f718.png]
[cdn.axieinfinity.com/landing-page/_next/static/images/sea-slug-587724c623b8d1f6ada58c8da0fd53fd.png]
[cdn.axieinfinity.com/landing-page/_next/static/images/cloud-left-8a42b1bbb1981395024c3f288ac700af.png]
[cdn.axieinfinity.com/landing-page/_next/static/images/drawer-mobile-3ef1f07f67a7161e4435c7ca5b4a5eee.png]
[cdn.axieinfinity.com/landing-page/_next/static/images/p2e-paper-e5b15f2bb8e6c1e8d2d006e438af5351.png]
[cdn.axieinfinity.com/landing-page/_next/static/images/table-e998dfed94a9bbf480ddb8dfc8fae25c.png]
[cdn.axieinfinity.com/landing-page/_next/static/images/wooden-button-1b79079878928aa21ec6a874a54f85b8.png]
[cdn.axieinfinity.com/landing-page/_next/static/images/house-481e14b50d57e954c4e27d140c9212cb.png]
[axieinfinity.com/axs/index.html]
[cdn.axieinfinity.com/landing-page/_next/static/images/drawer-eb7c690a3e719c4e1fa89440f5504981.jpg]
[cdn.axieinfinity.com/landing-page/_next/static/images/arena-e2c796e23cdd8c171dd56950e96b4f40.jpg]
[axieinfinity.com/index23bf.html]
[cdn.axieinfinity.com/landing-page/_next/static/images/drawer-artifacts-c0a2903132da384e7bbd2aad129a46b7.png]
[cdn.axieinfinity.com/landing-page/_next/static/images/cards-e6167c287dffee939b51956f37dc4360.png]
[cdn.axieinfinity.com/landing-page/_next/static/images/flag-772256b0bfc66e39669f2108ec5369a6.png]
[axieinfinity.com/battle/index.html]
[cdn.axieinfinity.com/landing-page/_next/static/images/adventure-39ea842a422b6a06a2365ade9075bd52.png]
[cdn.axieinfinity.com/landing-page/_next/static/images/breeding-9e219af5186fc66e913716c8ddb2621e.png]
[cdn.axieinfinity.com/landing-page/_next/static/images/battle-5931a0fe652f7c54505376b293d8638d.png]
[cdn.axieinfinity.com/landing-page/_next/static/images/big-cloud-f4b3d17a23329720b12958ca7bca4fe1.png]
[cdn.axieinfinity.com/landing-page/_next/static/images/melon-7fd692d5e3bb676d3f39b6dbde3da1c1.png]
[cdn.axieinfinity.com/landing-page/_next/static/images/cloud-0d708c8fc5fd76d5ff5babcde55dc0b1.jpg]
[axieinfinity.com/land/index.html]
[cdn.axieinfinity.com/landing-page/_next/static/images/ubisoft-c16028046e24dd7f56dfe95cd8c533cb.png]
[cdn.axieinfinity.com/landing-page/_next/static/images/aave-ee4420085af3f3b9c6ccd9f80af19b39.png]
[cdn.axieinfinity.com/landing-page/_next/static/images/binance-76b4a0bb0f2ee3aacd28f192f0797d2e.png]
[cdn.axieinfinity.com/landing-page/_next/static/images/scroll-663a1f21776613e7cb0162d91ef76656.png]
[cdn.axieinfinity.com/landing-page/_next/static/images/samsung-352f2d7a6891527e924596da818f0f37.png]
[cdn.axieinfinity.com/landing-page/_next/static/images/delphi-35bf48eff7903a1c6cde71ab915240cc.png]
[cdn.axieinfinity.com/landing-page/_next/static/images/kyber-e0f902120de8c4d56049428aae68a33b.png]
[cdn.axieinfinity.com/landing-page/_next/static/images/maker-9ee465283db3e0f8b05ce53a1a92281f.png]
[cdn.axieinfinity.com/landing-page/_next/static/images/upbit-02d02a9d6019041907f5f68509569f1a.png]
[cdn.axieinfinity.com/landing-page/_next/static/images/axie-b619af9f55752f686b0d8f152c979adf.png]
[axieinfinity.com/terms/index.html]
[axieinfinity.com/privacy-policy/index.html]
[axieinfinity.com/code-of-conduct/index.html]
[axieinfinity.com/builders-terms/index.html]
[axieinfinity.com/faq/index.html]
[cdn.axieinfinity.com/landing-page/_next/static/images/scroll-e9d03a614160aa19b981869e65213a5b.png]
[cdn.axieinfinity.com/landing-page/_next/static/images/wooden-button-dc3b7d86b10db442daa76b690892fe4b.png]
[axieinfinity.com/origin-banner/origin.png]
[cdn.axieinfinity.com/landing-page/_next/static/images/discord-mobile-21e26f04b45257791942f0c2d4a12543.png]
[cdn.axieinfinity.com/landing-page/_next/static/images/board-44919cf8fe32fc31b5e38a7572c129b3.png]
[cdn.axieinfinity.com/landing-page/_next/static/images/navbar-ccacca9c656f799b3a24455d53269b60.png]
[cdn.axieinfinity.com/landing-page/_next/static/images/logo-f3b5c962671a2516bc9fef42ad9e9145.png]
[cdn.axieinfinity.com/landing-page/_next/static/images/purple-flag-2c002613688cf58f01b3e1f9038483df.png]
[cdn.axieinfinity.com/landing-page/_next/static/chunks/polyfills-7cabf0b5e8bab535da1c.js]
[cdn.axieinfinity.com/landing-page/_next/static/EeGQlLIxF-A7V7aV1sjLW/_buildManifest.js]
[cdn.axieinfinity.com/landing-page/_next/static/EeGQlLIxF-A7V7aV1sjLW/_ssgManifest.js]
[axieinfinity.com/index.html]
[www.googletagmanager.com/gtm5445.html]
[cdn.axieinfinity.com/landing-page/_next/static/css/7069a40ce2daffa088ff.css]
[cdn.axieinfinity.com/origin-banner/background.png]
[cdn.axieinfinity.com/origin-banner/background-mobile.png]
[cdn.axieinfinity.com/origin-banner/button-join.png]
[cdn.axieinfinity.com/landing-page/_next/static/css/be2b7e1ccf898214cacc.css]
[cdn.axieinfinity.com/landing-page/_next/static/media/selected-block.2f3bfff689c6bf8dd0d4d1439ea77f09.png]
[cdn.axieinfinity.com/landing-page/_next/static/css/59b96791ac06edc0417d.css]
[cdn.axieinfinity.com/landing-page/_next/static/chunks/pages/axs-0044ad9140fadc2db852.js]
[cdn.axieinfinity.com/landing-page/_next/static/images/title-bg-1e9a09fd4f217d5453edceda781eae4a.jpg]
[cdn.axieinfinity.com/landing-page/_next/static/images/paper-76baf766d4b1a24001967d2b100fb4dd.jpg]
[cdn.axieinfinity.com/landing-page/_next/static/images/shard-49c7fce4bb2e4b73073c60808632269a.png]
[cdn.axieinfinity.com/landing-page/_next/static/images/staking-4527327fe2cb68501da79f1bcfa5c508.png]
[cdn.axieinfinity.com/landing-page/_next/static/images/voting-3b49986696ee7a563f287f9dafe7d4b3.png]
[cdn.axieinfinity.com/landing-page/_next/static/images/staking-strategy-a001f8ff1776f6e091049c61517c47c8.png]
[cdn.axieinfinity.com/landing-page/_next/static/images/allocation-e88513e826c94a5e88326327aed01cd6.png]
[cdn.axieinfinity.com/landing-page/_next/static/images/schedule-f49f644fc70c70b1f1b7b305654a35f5.png]
[cdn.axieinfinity.com/landing-page/_next/static/images/chest-banner-842701edb8fff63ceda27dfb570d15cd.jpg]
[cdn.axieinfinity.com/landing-page/_next/static/images/title-container-16ff62e2aef25ae72aaafe70e8f13d34.png]
[cdn.axieinfinity.com/landing-page/_next/static/images/binance-b08ac66f5eee02175ebd069072ee07f4.png]
[axieinfinity.com/axs/index.html]
[cdn.axieinfinity.com/landing-page/_next/static/images/uniswap-ac7f9646d6bf0a043f8c9d708d46b760.png]
[axieinfinity.com/index23bf.html]
[cdn.axieinfinity.com/landing-page/_next/static/css/bf04d3267aa479f0a8b9.css]
[cdn.axieinfinity.com/landing-page/_next/static/chunks/pages/battle-14c06cac45a901848a2d.js]
[cdn.axieinfinity.com/landing-page/_next/static/images/blurred-f02bb9a5440be71ac0d832520674f6c1.jpg]
[axieinfinity.com/battle/index.html]
[cdn.axieinfinity.com/landing-page/_next/static/css/8483ca249e297763fa38.css]
[cdn.axieinfinity.com/landing-page/_next/static/images/scroll-ecd8fff299acf9a961b39538564ed08f.png]
[cdn.axieinfinity.com/landing-page/_next/static/chunks/pages/land-b02e8abce4c1711274a6.js]
[cdn.axieinfinity.com/landing-page/_next/static/images/blurred-demo-80bf9820b521823c73232ab853b1d0e4.jpg]
[axieinfinity.com/land/index.html]
[cdn.axieinfinity.com/landing-page/_next/static/css/a30122dcd4234637c1eb.css]
[cdn.axieinfinity.com/landing-page/_next/static/chunks/15bc90bbe0f5bfa2bd66274901cb0dcdc112ad92.087c66cc58ff38451bc8.js]
[axieinfinity.com/terms/index.html]
[cdn.axieinfinity.com/landing-page/_next/static/chunks/pages/terms-4bc24d1580ba3ed13452.js]
[cdn.axieinfinity.com/landing-page/_next/static/chunks/pages/privacy-policy-207a71d2e413088eba60.js]
[axieinfinity.com/cdn-cgi/l/email-protection.html]
[axieinfinity.com/privacy-policy/index.html]
[axieinfinity.com/cdn-cgi/scripts/5c5dd728/cloudflare-static/email-decode.min.js]
[cdn.axieinfinity.com/landing-page/_next/static/css/2dda9d70888303d6258b.css]
[axieinfinity.com/code-of-conduct/index.html]
[cdn.axieinfinity.com/landing-page/_next/static/chunks/pages/code-of-conduct-bb289dafd1f6131503ab.js]
[cdn.axieinfinity.com/landing-page/_next/static/css/fdfc4116eb891c819831.css]
[axieinfinity.com/builders-terms/index.html]
[cdn.axieinfinity.com/landing-page/_next/static/chunks/pages/builders-terms-d8c98b47d024b82bb983.js]
[cdn.axieinfinity.com/landing-page/_next/static/css/5dc6ad98238fc6b19dc6.css]
[axieinfinity.com/faq/index.html]
[cdn.axieinfinity.com/landing-page/_next/static/images/board-44919cf8fe32fc31b5e38a7572c129b3.png]
[cdn.axieinfinity.com/landing-page/_next/static/EeGQlLIxF-A7V7aV1sjLW/_buildManifest.js]
[cdn.axieinfinity.com/landing-page/_next/static/EeGQlLIxF-A7V7aV1sjLW/_ssgManifest.js]
[cdn.axieinfinity.com/landing-page/_next/static/css/59b96791ac06edc0417d.css]
[cdn.axieinfinity.com/landing-page/_next/static/images/binance-b08ac66f5eee02175ebd069072ee07f4.png]
[cdn.axieinfinity.com/landing-page/_next/static/css/bf04d3267aa479f0a8b9.css]
[cdn.axieinfinity.com/landing-page/_next/static/css/8483ca249e297763fa38.css]
[cdn.axieinfinity.com/landing-page/_next/static/css/a30122dcd4234637c1eb.css]
[axieinfinity.com/cdn-cgi/l/email-protection.html]
[cdn.axieinfinity.com/landing-page/_next/static/chunks/pages/faq-1c138eee5a96f9d9e078.js]
[cdn.axieinfinity.com/assets/table-divider.png]
[cdn.axieinfinity.com/landing-page/_next/static/css/2dda9d70888303d6258b.css]
[cdn.axieinfinity.com/landing-page/_next/static/css/fdfc4116eb891c819831.css]
[cdn.axieinfinity.com/landing-page/_next/static/css/5dc6ad98238fc6b19dc6.css]
